// Jest Snapshot v1, https://goo.gl/fbAQLP

exports[`Loading should render correctly 1`] = `
<div
  className="loader"
  data-testid="loader"
>
  <span
    className="css-1xdhyk6"
  >
    <span
      className="css-1tbwygc"
    />
    <span
      className="css-x31nw7"
    />
    <span
      className="css-1en0n97"
    />
  </span>
</div>
`;
